// Jest Snapshot v1, https://goo.gl/fbAQLP

exports[`MenberButtonの結合テスト 初期状態では会員メニューのボタンが表示されている 1`] = `
<div>
  <button
    class="flex w-full flex-col items-center justify-center border-r border-white"
    type="button"
  >
    <svg
      aria-hidden="true"
      class="svg-inline--fa fa-user text-menu-icon text-white"
      data-icon="user"
      data-prefix="far"
      focusable="false"
      role="img"
      viewBox="0 0 448 512"
      xmlns="http://www.w3.org/2000/svg"
    >
      <path
        d="M304 128a80 80 0 1 0 -160 0 80 80 0 1 0 160 0zM96 128a128 128 0 1 1 256 0A128 128 0 1 1 96 128zM49.3 464H398.7c-8.9-63.3-63.3-112-129-112H178.3c-65.7 0-120.1 48.7-129 112zM0 482.3C0 383.8 79.8 304 178.3 304h91.4C368.2 304 448 383.8 448 482.3c0 16.4-13.3 29.7-29.7 29.7H29.7C13.3 512 0 498.7 0 482.3z"
        fill="currentColor"
      />
    </svg>
    <span
      class="text-menu-title text-white"
    >
      会員メニュー
    </span>
  </button>
</div>
`;
