// Jest Snapshot v1, https://goo.gl/fbAQLP

exports[`WideArticleの単体テスト WideArticleコンポーネントが存在することを確認する 1`] = `
<div>
  <a
    class="block @container"
    href="/article/4be1f2ab-b3b3-4599-b1a1-a73d280f5033"
  >
    <article
      class="group flex flex-col border border-gray transition-colors duration-300 hover:border-blue @[767px]:flex-row"
    >
      <div
        class="aspect-video w-full shrink-0 overflow-hidden @[767px]:aspect-auto @[767px]:h-auto @[767px]:w-[20.8125rem]"
      >
        <figure
          class="relative h-full w-full bg-gray transition-transform duration-300 group-hover:scale-110"
          style="position: relative;"
        >
          <img
            alt="コノスル カベルネソーヴィニヨン ビシクレタ・レゼルバの画像"
            data-nimg="fill"
            decoding="async"
            fetchpriority="high"
            loading="eager"
            sizes="(min-width: 768px) 20.8125rem, 100vw"
            src="/_next/image?url=%2Fimg.jpg&w=3840&q=75"
            srcset="/_next/image?url=%2Fimg.jpg&w=640&q=75 640w, /_next/image?url=%2Fimg.jpg&w=750&q=75 750w, /_next/image?url=%2Fimg.jpg&w=828&q=75 828w, /_next/image?url=%2Fimg.jpg&w=1080&q=75 1080w, /_next/image?url=%2Fimg.jpg&w=1200&q=75 1200w, /_next/image?url=%2Fimg.jpg&w=1920&q=75 1920w, /_next/image?url=%2Fimg.jpg&w=2048&q=75 2048w, /_next/image?url=%2Fimg.jpg&w=3840&q=75 3840w"
            style="position: absolute; height: 100%; width: 100%; left: 0px; top: 0px; right: 0px; bottom: 0px; object-fit: contain; color: transparent;"
          />
        </figure>
      </div>
      <div
        class="flex-1 space-y-4 p-2 @[767px]:px-3 @[767px]:py-5 "
      >
        <h3
          class="text-heading3"
        >
          コノスル カベルネソーヴィニヨン ビシクレタ・レゼルバ
        </h3>
        <div
          class="flex w-fit items-center gap-2"
        >
          <div
            class="w-fit rounded-[3.2rem] border border-black px-2 py-[0.125rem] text-black text-base"
          >
            渋い
          </div>
          <div
            class="w-fit rounded-[3.2rem] border border-black px-2 py-[0.125rem] text-black text-base"
          >
            樽熟成
          </div>
        </div>
        <div
          class="flex w-fit gap-x-4"
        >
          <p
            class="text-main-text"
          >
            渋味
            :
            3
          </p>
          <p
            class="text-main-text"
          >
            酸味
            :
            3
          </p>
          <p
            class="text-main-text"
          >
            果実味
            :
            3
          </p>
          <div
            class="flex items-center"
          >
            <svg
              aria-hidden="true"
              class="svg-inline--fa fa-star text-sm text-yellow"
              data-icon="star"
              data-prefix="fas"
              data-testid="fa-star"
              focusable="false"
              role="img"
              viewBox="0 0 576 512"
              xmlns="http://www.w3.org/2000/svg"
            >
              <path
                d="M316.9 18C311.6 7 300.4 0 288.1 0s-23.4 7-28.8 18L195 150.3 51.4 171.5c-12 1.8-22 10.2-25.7 21.7s-.7 24.2 7.9 32.7L137.8 329 113.2 474.7c-2 12 3 24.2 12.9 31.3s23 8 33.8 2.3l128.3-68.5 128.3 68.5c10.8 5.7 23.9 4.9 33.8-2.3s14.9-19.3 12.9-31.3L438.5 329 542.7 225.9c8.6-8.5 11.7-21.2 7.9-32.7s-13.7-19.9-25.7-21.7L381.2 150.3 316.9 18z"
                fill="currentColor"
              />
            </svg>
            :
            <span
              class="text-main-text"
            >
              10
            </span>
          </div>
        </div>
        <div
          class="flex justify-between"
        >
          <p
            class="text-main-text"
          >
            ワイン大好き太郎
          </p>
          <p
            class="text-main-text"
          >
            1500
            円
          </p>
        </div>
      </div>
    </article>
  </a>
</div>
`;
