// Jest Snapshot v1, https://goo.gl/fbAQLP

exports[`UserPanelButtonの単体テスト スナップショットテスト 1`] = `
<div>
  <a
    class="user-panel-button hover:border-blue focus:outline-blue"
    href="/"
  >
    <span
      class="w-24 text-center"
    >
      ワイン記事を投稿する
    </span>
  </a>
</div>
`;
