// Jest Snapshot v1, https://goo.gl/fbAQLP

exports[`MyPageの単体テスト MyPageコンポーネントが存在することを確認する 1`] = `
<div>
  <main
    class="max-w-[64.9375rem] space-y-4 px-4 main tablet:w-[calc(var(--vw)-401px)] tablet:px-0"
  >
    <a
      class="block border border-gray px-2 py-4 transition-colors duration-300 hover:border-blue"
      href="/article/1"
    >
      <div
        class="line-clamp-2 h-full w-full text-heading3"
      >
        コノスル カベルネソーヴィニヨン ビシクレタ・レゼルバ
      </div>
    </a>
    <a
      class="block border border-gray px-2 py-4 transition-colors duration-300 hover:border-blue"
      href="/article/2"
    >
      <div
        class="line-clamp-2 h-full w-full text-heading3"
      >
        コノスル シャルドネ ビシクレタ・レゼルバ
      </div>
    </a>
    <a
      class="block border border-gray px-2 py-4 transition-colors duration-300 hover:border-blue"
      href="/article/3"
    >
      <div
        class="line-clamp-2 h-full w-full text-heading3"
      >
        コノスル カルメネール ビシクレタ・レゼルバ
      </div>
    </a>
  </main>
  <div
    class="footer-area"
  >
    <button
      class="flex items-center justify-center gap-1 transition-colors duration-300 hover:text-blue"
      type="button"
    >
      <svg
        aria-hidden="true"
        class="svg-inline--fa fa-reply mt-[0.125rem]"
        data-icon="reply"
        data-prefix="fas"
        focusable="false"
        role="img"
        viewBox="0 0 512 512"
        xmlns="http://www.w3.org/2000/svg"
      >
        <path
          d="M205 34.8c11.5 5.1 19 16.6 19 29.2l0 64 112 0c97.2 0 176 78.8 176 176c0 113.3-81.5 163.9-100.2 174.1c-2.5 1.4-5.3 1.9-8.1 1.9c-10.9 0-19.7-8.9-19.7-19.7c0-7.5 4.3-14.4 9.8-19.5c9.4-8.8 22.2-26.4 22.2-56.7c0-53-43-96-96-96l-96 0 0 64c0 12.6-7.4 24.1-19 29.2s-25 3-34.4-5.4l-160-144C3.9 225.7 0 217.1 0 208s3.9-17.7 10.6-23.8l160-144c9.4-8.5 22.9-10.6 34.4-5.4z"
          fill="currentColor"
        />
      </svg>
      前のページに戻る
    </button>
    <a
      class="flex w-fit items-center justify-center gap-1 transition-colors duration-300 hover:text-blue"
      href="/"
    >
      <svg
        aria-hidden="true"
        class="svg-inline--fa fa-arrow-turn-up mt-[0.125rem]"
        data-icon="arrow-turn-up"
        data-prefix="fas"
        focusable="false"
        role="img"
        viewBox="0 0 384 512"
        xmlns="http://www.w3.org/2000/svg"
      >
        <path
          d="M32 448c-17.7 0-32 14.3-32 32s14.3 32 32 32l96 0c53 0 96-43 96-96l0-306.7 73.4 73.4c12.5 12.5 32.8 12.5 45.3 0s12.5-32.8 0-45.3l-128-128c-12.5-12.5-32.8-12.5-45.3 0l-128 128c-12.5 12.5-12.5 32.8 0 45.3s32.8 12.5 45.3 0L160 109.3 160 416c0 17.7-14.3 32-32 32l-96 0z"
          fill="currentColor"
        />
      </svg>
      トップページへ戻る
    </a>
  </div>
</div>
`;
