// Jest Snapshot v1, https://goo.gl/fbAQLP

exports[`EditingLinkの単体テスト propsのwine_idに応じて正しいリンク先がaタグのhrefに設定される 1`] = `
<div>
  <a
    class="block w-fit bg-blue/90 px-3 py-[0.375rem] text-white transition-colors duration-300 hover:bg-blue"
    href="/editing/1234"
  >
    記事編集
  </a>
</div>
`;
