// Jest Snapshot v1, https://goo.gl/fbAQLP

exports[`AboutLinkの単体テスト スナップショットテスト 1`] = `
<div>
  <a
    class="group relative row-span-1 block w-full overflow-hidden tablet:col-span-2 laptop:col-span-1 "
    href="/about"
  >
    <figure
      class="absolute h-full w-full transition-transform duration-300 group-hover:scale-110"
    >
      <img
        alt="棚に並ぶワインボトル"
        data-nimg="fill"
        decoding="async"
        loading="lazy"
        sizes="100vw"
        src="/_next/image?url=%2Fimg.jpg&w=3840&q=75"
        srcset="/_next/image?url=%2Fimg.jpg&w=640&q=75 640w, /_next/image?url=%2Fimg.jpg&w=750&q=75 750w, /_next/image?url=%2Fimg.jpg&w=828&q=75 828w, /_next/image?url=%2Fimg.jpg&w=1080&q=75 1080w, /_next/image?url=%2Fimg.jpg&w=1200&q=75 1200w, /_next/image?url=%2Fimg.jpg&w=1920&q=75 1920w, /_next/image?url=%2Fimg.jpg&w=2048&q=75 2048w, /_next/image?url=%2Fimg.jpg&w=3840&q=75 3840w"
        style="position: absolute; height: 100%; width: 100%; left: 0px; top: 0px; right: 0px; bottom: 0px; object-fit: cover; color: transparent;"
      />
    </figure>
    <div
      class="relative z-front flex h-full w-full bg-image-cover align-bottom"
    >
      <h2
        class="mt-auto w-full px-6 py-4 text-end text-heading3 text-white"
      >
        このサイトについて
      </h2>
    </div>
  </a>
</div>
`;
