// Jest Snapshot v1, https://goo.gl/fbAQLP

exports[`WideArticleLoadingの単体テスト スナップショットテスト 1`] = `
<div>
  <div
    class="@container"
  >
    <div
      class="flex animate-pulse flex-col border border-gray transition-colors duration-300 @[767px]:flex-row"
    >
      <div
        class="aspect-video w-full shrink-0 overflow-hidden bg-gray @[767px]:aspect-auto @[767px]:h-auto @[767px]:w-[20.8125rem]"
      />
      <div
        class="flex-1 space-y-4 p-2 @[767px]:px-3 @[767px]:py-5"
      >
        <div
          class="h-9 w-full rounded-md bg-gray"
        >
          <span
            class="sr-only"
          >
            読み込み中
          </span>
        </div>
        <div
          class="h-[1.875rem] w-full rounded-md bg-gray"
        />
        <div
          class="h-[clamp(1.125rem,2.31vw,1.5rem)] w-full rounded-md bg-gray"
        />
        <div
          class="h-[clamp(1.125rem,2.31vw,1.5rem)] w-full rounded-md bg-gray"
        />
      </div>
      <div />
    </div>
  </div>
</div>
`;
