// Jest Snapshot v1, https://goo.gl/fbAQLP

exports[`MoreLinkの単体テスト MoreLinkコンポーネントが存在することを確認する 1`] = `
<div>
  <a
    class="mt-2 flex items-center justify-end text-black transition-colors duration-300 hover:text-blue"
    href="/category/sober"
  >
    <span
      class="text-main-text"
    >
      もっと見る
    </span>
    <svg
      aria-hidden="true"
      class="svg-inline--fa fa-arrow-right-long h-[w-[clamp(0.875rem,1.54vw,1rem)] ml-[0.125rem] w-[clamp(0.875rem,1.54vw,1rem)]"
      data-icon="arrow-right-long"
      data-prefix="fas"
      focusable="false"
      role="img"
      viewBox="0 0 512 512"
      xmlns="http://www.w3.org/2000/svg"
    >
      <path
        d="M502.6 278.6c12.5-12.5 12.5-32.8 0-45.3l-128-128c-12.5-12.5-32.8-12.5-45.3 0s-12.5 32.8 0 45.3L402.7 224 32 224c-17.7 0-32 14.3-32 32s14.3 32 32 32l370.7 0-73.4 73.4c-12.5 12.5-12.5 32.8 0 45.3s32.8 12.5 45.3 0l128-128z"
        fill="currentColor"
      />
    </svg>
  </a>
</div>
`;
