// Jest Snapshot v1, https://goo.gl/fbAQLP

exports[`CloseButton スナップショットテスト 1`] = `
<div>
  <button
    aria-controls="navigation"
    aria-expanded="true"
    class="flex w-full flex-col items-center justify-center border-white border-r"
    type="button"
  >
    <svg
      aria-hidden="true"
      class="svg-inline--fa fa-xmark text-menu-icon text-white"
      data-icon="xmark"
      data-prefix="fas"
      focusable="false"
      role="img"
      viewBox="0 0 384 512"
      xmlns="http://www.w3.org/2000/svg"
    >
      <path
        d="M342.6 150.6c12.5-12.5 12.5-32.8 0-45.3s-32.8-12.5-45.3 0L192 210.7 86.6 105.4c-12.5-12.5-32.8-12.5-45.3 0s-12.5 32.8 0 45.3L146.7 256 41.4 361.4c-12.5 12.5-12.5 32.8 0 45.3s32.8 12.5 45.3 0L192 301.3 297.4 406.6c12.5 12.5 32.8 12.5 45.3 0s12.5-32.8 0-45.3L237.3 256 342.6 150.6z"
        fill="currentColor"
      />
    </svg>
    <span
      class="text-menu-title text-white"
    >
      閉じる
    </span>
  </button>
</div>
`;
