// Jest Snapshot v1, https://goo.gl/fbAQLP

exports[`CategoryHeaderの単体テスト スナップショットテスト 1`] = `
<div>
  <style
    data-mantine-styles="classes"
  >
    @media (max-width: 35.99375em) {.mantine-visible-from-xs {display: none !important;}}@media (min-width: 36em) {.mantine-hidden-from-xs {display: none !important;}}@media (max-width: 47.99375em) {.mantine-visible-from-sm {display: none !important;}}@media (min-width: 48em) {.mantine-hidden-from-sm {display: none !important;}}@media (max-width: 61.99375em) {.mantine-visible-from-md {display: none !important;}}@media (min-width: 62em) {.mantine-hidden-from-md {display: none !important;}}@media (max-width: 74.99375em) {.mantine-visible-from-lg {display: none !important;}}@media (min-width: 75em) {.mantine-hidden-from-lg {display: none !important;}}@media (max-width: 87.99375em) {.mantine-visible-from-xl {display: none !important;}}@media (min-width: 88em) {.mantine-hidden-from-xl {display: none !important;}}
  </style>
  <div
    class="flex flex-col-reverse justify-between gap-y-2 border-b-2 border-red tablet:flex-row tablet:items-center"
  >
    <h2
      class="text-heading2"
    >
      新着ワイン
    </h2>
    <div
      class="block w-48 m-46b77525 mantine-InputWrapper-root mantine-NativeSelect-root"
    >
      <div
        class="m-6c018570 mantine-Input-wrapper mantine-NativeSelect-wrapper"
        data-pointer="true"
        data-variant="default"
        data-with-right-section="true"
        style="--input-right-section-pointer-events: none;"
      >
        <select
          aria-invalid="false"
          class="m-8fb7ebe7 mantine-Input-input mantine-NativeSelect-input"
          data-variant="default"
          id="sort-select"
        >
          <option
            value="new"
          >
            新着順
          </option>
          <option
            value="inexpensive"
          >
            価格が安い順
          </option>
          <option
            value="popular"
          >
            人気順
          </option>
        </select>
        <div
          class="m-82577fc2 mantine-Input-section mantine-NativeSelect-section"
          data-position="right"
        >
          <svg
            class="m-2943220b mantine-ComboboxChevron-chevron"
            data-combobox-chevron="true"
            fill="none"
            viewBox="0 0 15 15"
            xmlns="http://www.w3.org/2000/svg"
          >
            <path
              clip-rule="evenodd"
              d="M4.93179 5.43179C4.75605 5.60753 4.75605 5.89245 4.93179 6.06819C5.10753 6.24392 5.39245 6.24392 5.56819 6.06819L7.49999 4.13638L9.43179 6.06819C9.60753 6.24392 9.89245 6.24392 10.0682 6.06819C10.2439 5.89245 10.2439 5.60753 10.0682 5.43179L7.81819 3.18179C7.73379 3.0974 7.61933 3.04999 7.49999 3.04999C7.38064 3.04999 7.26618 3.0974 7.18179 3.18179L4.93179 5.43179ZM10.0682 9.56819C10.2439 9.39245 10.2439 9.10753 10.0682 8.93179C9.89245 8.75606 9.60753 8.75606 9.43179 8.93179L7.49999 10.8636L5.56819 8.93179C5.39245 8.75606 5.10753 8.75606 4.93179 8.93179C4.75605 9.10753 4.75605 9.39245 4.93179 9.56819L7.18179 11.8182C7.35753 11.9939 7.64245 11.9939 7.81819 11.8182L10.0682 9.56819Z"
              fill="currentColor"
              fill-rule="evenodd"
            />
          </svg>
        </div>
      </div>
    </div>
  </div>
</div>
`;
