// Jest Snapshot v1, https://goo.gl/fbAQLP

exports[`CategoryButtonの結合テスト 初期状態ではカテゴリー検索ボタンが表示されている 1`] = `
<div>
  <button
    aria-controls="category-panel"
    aria-expanded="false"
    class="flex w-full flex-col items-center justify-center"
    type="button"
  >
    <svg
      aria-hidden="true"
      class="svg-inline--fa fa-list text-menu-icon text-white"
      data-icon="list"
      data-prefix="fas"
      focusable="false"
      role="img"
      viewBox="0 0 512 512"
      xmlns="http://www.w3.org/2000/svg"
    >
      <path
        d="M40 48C26.7 48 16 58.7 16 72l0 48c0 13.3 10.7 24 24 24l48 0c13.3 0 24-10.7 24-24l0-48c0-13.3-10.7-24-24-24L40 48zM192 64c-17.7 0-32 14.3-32 32s14.3 32 32 32l288 0c17.7 0 32-14.3 32-32s-14.3-32-32-32L192 64zm0 160c-17.7 0-32 14.3-32 32s14.3 32 32 32l288 0c17.7 0 32-14.3 32-32s-14.3-32-32-32l-288 0zm0 160c-17.7 0-32 14.3-32 32s14.3 32 32 32l288 0c17.7 0 32-14.3 32-32s-14.3-32-32-32l-288 0zM16 232l0 48c0 13.3 10.7 24 24 24l48 0c13.3 0 24-10.7 24-24l0-48c0-13.3-10.7-24-24-24l-48 0c-13.3 0-24 10.7-24 24zM40 368c-13.3 0-24 10.7-24 24l0 48c0 13.3 10.7 24 24 24l48 0c13.3 0 24-10.7 24-24l0-48c0-13.3-10.7-24-24-24l-48 0z"
        fill="currentColor"
      />
    </svg>
    <span
      class="text-menu-title text-white"
    >
      カテゴリー検索
    </span>
  </button>
</div>
`;
